00:00 +0: loading test/plugins/di/simulation_service_binding_test.dart
00:00 +0: test/plugins/di/simulation_service_binding_test.dart: #1031: service-mode simulation binding shape emits a service-shaped simulation binding, not datasource-shaped
00:00 +0 -1: test/plugins/di/simulation_binding_test.dart: A2: simulation bindings are generated, not hand-wired A2: zfa mock create and zfa make --di generate the simulation binding without manual wiring
00:00 +0 -1: test/plugins/di/simulation_service_binding_test.dart: #1031: service-mode simulation binding shape emits a service-shaped simulation binding, not datasource-shaped [E]
  Expected: contains 'registerLazySingleton<AuthService>'
    Actual: '// GENERATED - DO NOT EDIT\n'
              '// spec 893 — SIMULATION BINDING: generated by `zfa make --di` / `zfa mock create`.\n'
              '// Do not hand-edit — regenerate with the zfa CLI. Simulation\n'
              '// bindings live in di/simulation/ and are the only generated\n'
              '// bindings that switch on the SIMULATION flavor define.\n'
              'import \'package:zuraffa/simulation.dart\';\n'
              'import \'package:zuraffa/zuraffa.dart\';\n'
              '\n'
              'import \'../../data/providers/auth/auth_mock_provider.dart\';\n'
              'import \'../../domain/services/auth_service.dart\';\n'
              '\n'
              'void registerAuthSimulationService(GetIt getIt) {\n'
              '  if (!kSimulationMode) return;\n'
              '  getIt.registerLazySingleton<AuthMockProvider>(() => AuthMockProvider());\n'
              '}\n'
              '\n'
              '// END GENERATED\n'
              ''
     Which: does not contain 'registerLazySingleton<AuthService>'
  
  package:matcher                                             expect
  test/plugins/di/simulation_service_binding_test.dart 123:9  main.<fn>.<fn>
  
00:00 +1 -1: test/plugins/di/simulation_binding_test.dart: A2: simulation bindings are generated, not hand-wired A2: zfa mock create and zfa make --di generate the simulation binding without manual wiring
00:00 +2 -1: test/plugins/di/simulation_service_binding_test.dart: #1031: service-mode simulation binding shape resolves a domain-scoped service interface import
00:00 +3 -1: test/plugins/di/simulation_binding_test.dart: A2: simulation bindings are generated, not hand-wired U3: generated binding registers the mock under the interface behind the flavor guard
00:00 +4 -1: test/plugins/di/simulation_binding_test.dart: A2: simulation bindings are generated, not hand-wired U3: generated binding registers the mock under the interface behind the flavor guard
00:00 +5 -1: test/plugins/di/simulation_service_binding_test.dart: #1031: service-mode simulation binding shape datasource mode is unchanged: entity mock create still emits the datasource-shaped binding
00:00 +6 -1: test/plugins/di/simulation_service_binding_test.dart: #1031: service-mode simulation binding shape datasource mode is unchanged: entity mock create still emits the datasource-shaped binding
00:01 +7 -1: test/plugins/di/simulation_binding_test.dart: A2: simulation bindings are generated, not hand-wired U6: main di index wires registerSimulationBindings into setupDependencies
00:01 +8 -1: test/plugins/di/simulation_service_binding_test.dart: #1031: service-mode simulation binding shape service and datasource bindings coexist in the simulation index
00:01 +9 -1: test/plugins/di/simulation_binding_test.dart: A2: simulation bindings are generated, not hand-wired second entity extends the simulation index automatically
00:01 +10 -1: test/plugins/di/simulation_binding_test.dart: A3: distinguishability A3: simulation bindings are distinguishable by location and generated markers
00:01 +11 -1: test/plugins/di/simulation_binding_test.dart: U5: real adapters under the simulation flavor U5: real datasource registration is guarded against the simulation flavor
00:01 +12 -1: Some tests failed.

Failing tests:
  test/plugins/di/simulation_service_binding_test.dart: #1031: service-mode simulation binding shape emits a service-shaped simulation binding, not datasource-shaped

Consider enabling the flag chain-stack-traces to receive more detailed exceptions.
For example, 'dart test --chain-stack-traces'.
