00:00 +0: loading test/plugins/di/simulation_service_binding_test.dart
00:00 +0: test/plugins/di/simulation_service_binding_test.dart: #1031: service-mode simulation binding shape emits a service-shaped simulation binding, not datasource-shaped
00:00 +0 -1: test/plugins/di/simulation_binding_test.dart: A2: simulation bindings are generated, not hand-wired A2: zfa mock create and zfa make --di generate the simulation binding without manual wiring
00:00 +0 -1: test/plugins/di/simulation_service_binding_test.dart: #1031: service-mode simulation binding shape emits a service-shaped simulation binding, not datasource-shaped [E]
  Expected: contains 'void registerAuthSimulationService(GetIt getIt)'
    Actual: '// GENERATED - DO NOT EDIT\n'
              '// spec 893 — SIMULATION BINDING: generated by `zfa make --di` / `zfa mock create`.\n'
              '// Do not hand-edit — regenerate with the zfa CLI. Simulation\n'
              '// bindings live in di/simulation/ and are the only generated\n'
              '// bindings that switch on the SIMULATION flavor define.\n'
              'import \'package:zuraffa/simulation.dart\';\n'
              'import \'package:zuraffa/zuraffa.dart\';\n'
              '\n'
              'import \'../../data/providers/auth/auth_mock_provider.dart\';\n'
              'import \'../../domain/services/auth_service.dart\';\n'
              '\n'
              'void registerAuthSimulationDataSource(GetIt getIt) {\n'
              '  if (!kSimulationMode) return;\n'
              '  getIt.registerLazySingleton<AuthService>(() => AuthMockProvider());\n'
              '}\n'
              '\n'
              '// END GENERATED\n'
              ''
     Which: does not contain 'void registerAuthSimulationService(GetIt getIt)'
  
  package:matcher                                             expect
  test/plugins/di/simulation_service_binding_test.dart 119:9  main.<fn>.<fn>
  
00:00 +1 -1: test/plugins/di/simulation_binding_test.dart: A2: simulation bindings are generated, not hand-wired A2: zfa mock create and zfa make --di generate the simulation binding without manual wiring
00:00 +2 -1: test/plugins/di/simulation_service_binding_test.dart: #1031: service-mode simulation binding shape resolves a domain-scoped service interface import
00:00 +3 -1: test/plugins/di/simulation_binding_test.dart: A2: simulation bindings are generated, not hand-wired U3: generated binding registers the mock under the interface behind the flavor guard
00:00 +3 -2: test/plugins/di/simulation_binding_test.dart: A2: simulation bindings are generated, not hand-wired U3: generated binding registers the mock under the interface behind the flavor guard
00:00 +3 -2: test/plugins/di/simulation_service_binding_test.dart: #1031: service-mode simulation binding shape wires the service binding into the simulation index [E]
  Expected: contains 'registerAuthSimulationService(getIt);'
    Actual: '// GENERATED - DO NOT EDIT\n'
              'import \'package:zuraffa/simulation.dart\';\n'
              'import \'package:zuraffa/zuraffa.dart\';\n'
              '\n'
              'import \'auth_simulation_service_di.dart\';\n'
              '\n'
              'void registerSimulationBindings(GetIt getIt) {\n'
              '  SimulationFlavor.checkFlagConflicts();\n'
              '  registerAuthSimulationDataSource(getIt);\n'
              '}\n'
              '\n'
              '// END GENERATED\n'
              ''
     Which: does not contain 'registerAuthSimulationService(getIt);'
  
  package:matcher                                             expect
  test/plugins/di/simulation_service_binding_test.dart 203:7  main.<fn>.<fn>
  
00:00 +4 -2: test/plugins/di/simulation_service_binding_test.dart: #1031: service-mode simulation binding shape datasource mode is unchanged: entity mock create still emits the datasource-shaped binding
00:00 +5 -2: test/plugins/di/simulation_service_binding_test.dart: #1031: service-mode simulation binding shape datasource mode is unchanged: entity mock create still emits the datasource-shaped binding
00:00 +6 -2: test/plugins/di/simulation_binding_test.dart: A2: simulation bindings are generated, not hand-wired U6: main di index wires registerSimulationBindings into setupDependencies
00:01 +7 -2: test/plugins/di/simulation_service_binding_test.dart: #1031: service-mode simulation binding shape service and datasource bindings coexist in the simulation index
00:01 +7 -3: test/plugins/di/simulation_binding_test.dart: A2: simulation bindings are generated, not hand-wired second entity extends the simulation index automatically
00:01 +7 -3: test/plugins/di/simulation_service_binding_test.dart: #1031: service-mode simulation binding shape service and datasource bindings coexist in the simulation index [E]
  Expected: contains 'registerAuthSimulationService(getIt);'
    Actual: '// GENERATED - DO NOT EDIT\n'
              'import \'package:zuraffa/simulation.dart\';\n'
              'import \'package:zuraffa/zuraffa.dart\';\n'
              '\n'
              'import \'auth_simulation_service_di.dart\';\n'
              'import \'todo_simulation_datasource_di.dart\';\n'
              '\n'
              'void registerSimulationBindings(GetIt getIt) {\n'
              '  SimulationFlavor.checkFlagConflicts();\n'
              '  registerAuthSimulationDataSource(getIt);\n'
              '  registerTodoSimulationDataSource(getIt);\n'
              '}\n'
              '\n'
              '// END GENERATED\n'
              ''
     Which: does not contain 'registerAuthSimulationService(getIt);'
  
  package:matcher                                             expect
  test/plugins/di/simulation_service_binding_test.dart 238:7  main.<fn>.<fn>
  
00:01 +8 -3: test/plugins/di/simulation_binding_test.dart: A3: distinguishability A3: simulation bindings are distinguishable by location and generated markers
00:01 +9 -3: test/plugins/di/simulation_binding_test.dart: U5: real adapters under the simulation flavor U5: real datasource registration is guarded against the simulation flavor
00:01 +10 -3: Some tests failed.

Failing tests:
  test/plugins/di/simulation_service_binding_test.dart: #1031: service-mode simulation binding shape emits a service-shaped simulation binding, not datasource-shaped
  test/plugins/di/simulation_service_binding_test.dart: #1031: service-mode simulation binding shape service and datasource bindings coexist in the simulation index
  test/plugins/di/simulation_service_binding_test.dart: #1031: service-mode simulation binding shape wires the service binding into the simulation index

Consider enabling the flag chain-stack-traces to receive more detailed exceptions.
For example, 'dart test --chain-stack-traces'.
